// Jest Snapshot v1, https://goo.gl/fbAQLP

exports[`Page renders 1`] = `
<div>
  <WithStyles(ForwardRef(AppBar))
    position="static"
  >
    <WithStyles(ForwardRef(Toolbar))>
      <WithStyles(ForwardRef(IconButton))
        aria-label="menu"
        className="makeStyles-menuButton-2"
        color="inherit"
        edge="start"
      >
        <MenuIcon />
      </WithStyles(ForwardRef(IconButton))>
    </WithStyles(ForwardRef(Toolbar))>
  </WithStyles(ForwardRef(AppBar))>
  <main
    className="makeStyles-main-4"
  >
    child
  </main>
</div>
`;
